[36mvite v5.4.21 [32mbuilding for production...[36m[39m
transforming...
[32mΓ£ô[39m 115 modules transformed.
rendering chunks...
computing gzip size...
[2mdist/[22m[32mindex.html                 [39m[1m[2m  0.86 kB[22m[1m[22m[2m Γöé gzip:  0.45 kB[22m
[2mdist/[22m[35massets/index-B61RZolH.css  [39m[1m[2m 25.33 kB[22m[1m[22m[2m Γöé gzip:  5.29 kB[22m
[2mdist/[22m[36massets/index-Mcg_HtsB.js   [39m[1m[2m305.37 kB[22m[1m[22m[2m Γöé gzip: 89.99 kB[22m
[32mΓ£ô built in 2.53s[39m
